// Jest Snapshot v1, https://goo.gl/fbAQLP

exports[`BottomSheet Snapshot should matches DOM Snapshot 1`] = `
<div
  className="fixed h-80 rounded-t-lg bottom-0 left-0 right-0 bg-white shadow-lg transform transition-transform duration-300 translate-y-full"
>
  <div
    className="flex justify-center h-5 cursor-pointer"
  >
    <div
      className=" mt-0 w-[30%] h-2 text-center bg-gray-400 hover:bg-black rounded-xl"
    />
  </div>
  <div
    className="p-1 h-full"
  >
    <div
      className="h-72 scroll-m-4 overflow-y-auto mt-2"
    />
  </div>
</div>
`;
